2026-04-22T09:37:38.571879Z  INFO server::routes::sessions: Workspace { id: 58c3db96-2f46-446b-8778-a7c9b446b89c, task_id: None, container_ref: Some("C:\\Users\\antas\\AppData\\Local\\Temp\\vibe-kanban\\worktrees\\58c3-zotero8-manifest"), branch: "vk/58c3-zotero8-manifest", setup_completed_at: None, created_at: 2026-04-22T09:25:08.327Z, updated_at: 2026-04-22T09:35:34.537Z, archived: false, pinned: false, name: Some("升级插件到zotero8版本更新工具链依赖 → 改\u{a0}`manifest.json`\u{a0}版本 → 构建测试。先帮我规划出vibe-kanban的各个任务"), worktree_deleted: false }
2026-04-22T09:37:44.147687Z ERROR server::error: API request failed error_type="DatabaseError" status=500 Internal Server Error error=Database(RowNotFound)
2026-04-22T09:37:44.148134Z ERROR server::middleware::error_logging: API request returned server error method=GET uri=/api/containers/attempt-context?ref=%5C%5C%3F%5CC%3A%5CUsers%5Cantas%5CAppData%5CLocal%5CTemp%5Cvibe-kanban%5Cworktrees%5C58c3-zotero8-manifest%5Czotero-normalize matched_path="/api/containers/attempt-context" status=500 Internal Server Error
2026-04-22T09:38:20.983628Z  INFO local_deployment::container: Skipping cleanup script for workspace 58c3db96-2f46-446b-8778-a7c9b446b89c - no changes made by coding agent
2026-04-22T09:42:08.140479Z  INFO local_deployment::container: Starting periodic workspace cleanup...
2026-04-22T09:45:36.491889Z ERROR server::error: API request failed error_type="DatabaseError" status=500 Internal Server Error error=Database(RowNotFound)
2026-04-22T09:45:36.492384Z ERROR server::middleware::error_logging: API request returned server error method=GET uri=/api/containers/attempt-context?ref=%5C%5C%3F%5CD%3A%5CPublic%5CZotero-Normalize matched_path="/api/containers/attempt-context" status=500 Internal Server Error
2026-04-22T09:45:36.574953Z ERROR server::error: API request failed error_type="DatabaseError" status=500 Internal Server Error error=Database(RowNotFound)
2026-04-22T09:45:36.575232Z ERROR server::middleware::error_logging: API request returned server error method=GET uri=/api/containers/attempt-context?ref=%5C%5C%3F%5CD%3A%5CPublic%5CZotero-Normalize matched_path="/api/containers/attempt-context" status=500 Internal Server Error
2026-04-22T09:45:37.038302Z ERROR server::error: API request failed error_type="DatabaseError" status=500 Internal Server Error error=Database(RowNotFound)
2026-04-22T09:45:37.038522Z ERROR server::middleware::error_logging: API request returned server error method=GET uri=/api/containers/attempt-context?ref=%5C%5C%3F%5CD%3A%5CPublic%5CZotero-Normalize-git%5Czotero-normalize matched_path="/api/containers/attempt-context" status=500 Internal Server Error
2026-04-22T09:45:39.891426Z ERROR server::error: API request failed error_type="DatabaseError" status=500 Internal Server Error error=Database(RowNotFound)
2026-04-22T09:45:39.891852Z ERROR server::middleware::error_logging: API request returned server error method=GET uri=/api/containers/attempt-context?ref=%5C%5C%3F%5CD%3A%5CPublic%5CZotero-Normalize matched_path="/api/containers/attempt-context" status=500 Internal Server Error
2026-04-22T09:46:42.412233Z ERROR server::error: API request failed error_type="DatabaseError" status=500 Internal Server Error error=Database(RowNotFound)
2026-04-22T09:46:42.412923Z ERROR server::middleware::error_logging: API request returned server error method=GET uri=/api/containers/attempt-context?ref=%5C%5C%3F%5CD%3A%5CPublic%5CZotero-Normalize%5Czotero-normalize-vibekanban matched_path="/api/containers/attempt-context" status=500 Internal Server Error
2026-04-22T09:47:15.210061Z  INFO server::routes::workspaces::create: Created workspace 20cbfbf9-6ec2-4705-8c5c-a9adff3825ea
2026-04-22T09:47:22.903257Z ERROR server::error: API request failed error_type="DatabaseError" status=500 Internal Server Error error=Database(RowNotFound)
2026-04-22T09:47:22.903902Z ERROR server::middleware::error_logging: API request returned server error method=GET uri=/api/containers/attempt-context?ref=%5C%5C%3F%5CC%3A%5CUsers%5Cantas%5CAppData%5CLocal%5CTemp%5Cvibe-kanban%5Cworktrees%5C20cb-zotero-zetero8-9%5Czotero-normalize-vibekanban matched_path="/api/containers/attempt-context" status=500 Internal Server Error
2026-04-22T09:47:25.219181Z ERROR server::error: API request failed error_type="DatabaseError" status=500 Internal Server Error error=Database(RowNotFound)
2026-04-22T09:47:25.219594Z ERROR server::middleware::error_logging: API request returned server error method=GET uri=/api/containers/attempt-context?ref=%5C%5C%3F%5CC%3A%5CUsers%5Cantas%5CAppData%5CLocal%5CTemp%5Cvibe-kanban%5Cworktrees%5C20cb-zotero-zetero8-9%5Czotero-normalize-vibekanban matched_path="/api/containers/attempt-context" status=500 Internal Server Error
2026-04-22T09:47:26.750055Z ERROR server::error: API request failed error_type="DatabaseError" status=500 Internal Server Error error=Database(RowNotFound)
2026-04-22T09:47:26.750805Z ERROR server::middleware::error_logging: API request returned server error method=GET uri=/api/containers/attempt-context?ref=%5C%5C%3F%5CC%3A%5CUsers%5Cantas%5CAppData%5CLocal%5CTemp%5Cvibe-kanban%5Cworktrees%5C20cb-zotero-zetero8-9%5Czotero-normalize-vibekanban matched_path="/api/containers/attempt-context" status=500 Internal Server Error